// Jest Snapshot v1, https://goo.gl/fbAQLP

exports[`ButtonAPICall Component matches the snapshot 1`] = `
<DocumentFragment>
  <div>
    <h1>
      Welcome
    </h1>
    <button>
      Fetch Todos
    </button>
  </div>
</DocumentFragment>
`;
